[INFO] Scanning for projects...
[INFO] 
[INFO] ----------------------< com.automation:branchBot >----------------------
[INFO] Building branchBot 1.0.0-SNAPSHOT
[INFO]   from pom.xml
[INFO] --------------------------------[ jar ]---------------------------------
[INFO] 
[INFO] --- resources:3.4.0:resources (default-resources) @ branchBot ---
[WARNING] Using platform encoding (UTF-8 actually) to copy filtered resources, i.e. build is platform dependent!
[INFO] skip non existing resourceDirectory /Users/nikithas/Documents/branchBot/src/main/resources
[INFO] 
[INFO] --- compiler:3.13.0:compile (default-compile) @ branchBot ---
[INFO] No sources to compile
[INFO] 
[INFO] --- resources:3.4.0:testResources (default-testResources) @ branchBot ---
[WARNING] Using platform encoding (UTF-8 actually) to copy filtered resources, i.e. build is platform dependent!
[INFO] Copying 17 resources from src/test/resources to target/test-classes
[INFO] 
[INFO] --- compiler:3.13.0:testCompile (default-testCompile) @ branchBot ---
[INFO] Nothing to compile - all classes are up to date.
[INFO] ------------------------------------------------------------------------
[INFO] BUILD SUCCESS
[INFO] ------------------------------------------------------------------------
[INFO] Total time:  0.566 s
[INFO] Finished at: 2026-07-20T18:31:00+05:30
[INFO] ------------------------------------------------------------------------
